Received text: '/start' (len: 6) (hex: 2f7374617274)
Received text: '📊 التقرير اليومي' (len: 16) (hex: f09f938a20d8a7d984d8aad982d8b1d98ad8b120d8a7d984d98ad988d985d98a)
Received text: '💸 تسديد دين لزبون' (len: 17) (hex: f09f92b820d8aad8b3d8afd98ad8af20d8afd98ad98620d984d8b2d8a8d988d986)
Received text: '20000' (len: 5) (hex: 3230303030)
Received text: '💸 تسديد دين لزبون' (len: 17) (hex: f09f92b820d8aad8b3d8afd98ad8af20d8afd98ad98620d984d8b2d8a8d988d986)
Received text: '📊 التقرير اليومي' (chat_id: 1538485619) (states: {})
Received text: 'إلغاء' (chat_id: 1538485619) (states: {})
Received text: '🔧 الصيانة الجاهزة' (chat_id: 1538485619) (states: {})
Received text: '🔧 الصيانة الجاهزة' (chat_id: 1538485619) (states: {})
Received text: '💸 تسديد دين لزبون' (chat_id: 1538485619) (states: {})
Received text: '📋 جرد المخزن كامل' (chat_id: 1538485619) (states: {})
Received text: '💸 تسديد دين لزبون' (chat_id: 1538485619) (states: {})
Received text: '📊 التقرير اليومي' (chat_id: 1538485619) (states: {})
Received text: '🔧 الصيانة الجاهزة' (chat_id: 1538485619) (states: {})
Received text: '💸 تسديد دين لزبون' (chat_id: 1538485619) (states: {})
Received text: 'ℹ️ تعليمات البوت' (chat_id: 1538485619) (states: {})
Received text: '📋 جرد المخزن كامل' (chat_id: 1538485619) (states: {})
Received text: '🔧 الصيانة الجاهزة' (chat_id: 1538485619) (states: {})
Received text: '🔧 الصيانة الجاهزة' (chat_id: 1538485619) (states: {})
Received text: '⚠️ النواقص' (chat_id: 1538485619) (states: {})
Received text: 'إلغاء' (chat_id: 1538485619) (states: {})
Received text: '/start' (chat_id: 1538485619) (states: {})
Received text: '💸 تسديد دين لزبون' (chat_id: 1538485619) (states: {})
Received text: 'ℹ️ تعليمات البوت' (chat_id: 1538485619) (states: {})
Received text: '📊 التقرير اليومي' (chat_id: 1538485619) (states: {})
Received text: '/start' (chat_id: 1538485619) (states: {})
Received text: '📊 التقرير اليومي' (chat_id: 1538485619) (states: {})
Received text: '🔧 الصيانة الجاهزة' (chat_id: 1538485619) (states: {})
Received text: '💸 تسديد دين لزبون' (chat_id: 1538485619) (states: {})
Received text: '⚠️ النواقص' (chat_id: 1538485619) (states: {})
Received text: '📦 نسخ احتياطي' (chat_id: 1538485619) (states: {})
Received text: '📋 جرد المخزن كامل' (chat_id: 1538485619) (states: {})
Received text: '📋 جرد المخزن كامل' (chat_id: 1538485619) (states: {})
Received text: '⚠️ النواقص' (chat_id: 1538485619) (states: {})
Received text: '📋 جرد المخزن كامل' (chat_id: 1538485619) (states: {})
Received text: '📊 التقرير اليومي' (chat_id: 1538485619) (states: {})
Received text: '💸 تسديد دين لزبون' (chat_id: 1538485619) (states: {})
Received text: '8000' (chat_id: 1538485619) (states: {1538485619: {'action': 'waiting_payment_amount', 'customer_id': 'df309e7f0cc144439f9115c29c71a039', 'customer_name': 'ali'}})
Received text: '📋 جرد المخزن كامل' (chat_id: 1538485619) (states: {})
Received text: '⚠️ النواقص' (chat_id: 1538485619) (states: {})
Received text: '📊 التقرير اليومي' (chat_id: 1538485619) (states: {})
Received text: '📋 جرد المخزن كامل' (chat_id: 1538485619) (states: {})
Received text: '⚠️ النواقص' (chat_id: 1538485619) (states: {})
Received text: '📊 التقرير اليومي' (chat_id: 1538485619) (states: {})
Received text: '/start' (chat_id: 1538485619) (states: {})
Received text: '📊 التقرير اليومي' (chat_id: 1538485619) (states: {})
Received text: '📋 جرد المخزن كامل' (chat_id: 1538485619) (states: {})
Received text: '📋 جرد المخزن كامل' (chat_id: 1538485619) (states: {})
Received text: '📋 جرد المخزن كامل' (chat_id: 1538485619) (states: {})
Received text: '📋 جرد المخزن كامل' (chat_id: 1538485619) (states: {})
Received text: '📋 جرد المخزن كامل' (chat_id: 1538485619) (states: {})
Received text: '🔧 الصيانة الجاهزة' (chat_id: 1538485619) (states: {})
Received text: '📦 نسخ احتياطي' (chat_id: 1538485619) (states: {})
Received text: '📋 جرد المخزن كامل' (chat_id: 1538485619) (states: {})
Received text: '⚠️ النواقص' (chat_id: 1538485619) (states: {})
Received text: '⚠️ النواقص' (chat_id: 1538485619) (states: {})
Received text: '💸 تسديد دين لزبون' (chat_id: 1538485619) (states: {})
Received text: '🔧 الصيانة الجاهزة' (chat_id: 1538485619) (states: {})
Received text: '📊 التقرير اليومي' (chat_id: 1538485619) (states: {})
Received text: '⚠️ النواقص' (chat_id: 1538485619) (states: {})
Received text: '📋 جرد المخزن كامل' (chat_id: 1538485619) (states: {})
Received text: '🔧 الصيانة الجاهزة' (chat_id: 1538485619) (states: {})
Received text: '💸 تسديد دين لزبون' (chat_id: 1538485619) (states: {})
Received text: '📊 التقرير اليومي' (chat_id: 1538485619) (states: {})
Received text: '📦 نسخ احتياطي' (chat_id: 1538485619) (states: {})
Received text: '⚠️ النواقص' (chat_id: 1538485619) (states: {})
Received text: '⚠️ النواقص' (chat_id: 1538485619) (states: {})
Received text: '⚠️ النواقص' (chat_id: 1538485619) (states: {})
Received text: '📊 التقرير اليومي' (chat_id: 1538485619) (states: {})
Received text: '🔧 الصيانة الجاهزة' (chat_id: 1538485619) (states: {})
Received text: '📋 جرد المخزن كامل' (chat_id: 1538485619) (states: {})
Received text: '⚠️ النواقص' (chat_id: 1538485619) (states: {})
Received text: '📦 نسخ احتياطي' (chat_id: 1538485619) (states: {})
Received text: '📊 التقرير اليومي' (chat_id: 1538485619) (states: {})
Received text: '🔧 الصيانة الجاهزة' (chat_id: 1538485619) (states: {})
Received text: '💸 تسديد دين لزبون' (chat_id: 1538485619) (states: {})
Received text: '📦 نسخ احتياطي' (chat_id: 1538485619) (states: {})
Received text: '⚠️ النواقص' (chat_id: 1538485619) (states: {})
Received text: '💸 تسديد دين لزبون' (chat_id: 1538485619) (states: {})
Received text: '2000' (chat_id: 1538485619) (states: {1538485619: {'action': 'waiting_payment_amount', 'customer_id': '453c673605e64ebcb46a8748d75a436e', 'customer_name': 'بوبجي'}})
Received text: '📋 جرد المخزن كامل' (chat_id: 1538485619) (states: {})
Received text: '⚠️ النواقص' (chat_id: 1538485619) (states: {})
Received text: 'ℹ️ تعليمات البوت' (chat_id: 1538485619) (states: {})
Received text: '💸 تسديد دين لزبون' (chat_id: 1538485619) (states: {})
Received text: '6000' (chat_id: 1538485619) (states: {1538485619: {'action': 'waiting_payment_amount', 'customer_id': 'c74cef47bc7a46858b96dd69bb13e912', 'customer_name': 'اندومي'}})
Received text: '💸 تسديد دين لزبون' (chat_id: 1538485619) (states: {})
Received text: '10000' (chat_id: 1538485619) (states: {1538485619: {'action': 'waiting_payment_amount', 'customer_id': 'c74cef47bc7a46858b96dd69bb13e912', 'customer_name': 'اندومي'}})
Received text: '💸 تسديد دين لزبون' (chat_id: 1538485619) (states: {})
Received text: '💸 تسديد دين لزبون' (chat_id: 1538485619) (states: {})
Received text: '50000' (chat_id: 1538485619) (states: {1538485619: {'action': 'waiting_payment_amount', 'customer_id': '2023a22bfc6e4deda6f91878a726a6ed', 'customer_name': 'علي المحمداوي'}})
Received text: '📊 التقرير اليومي' (chat_id: 1538485619) (states: {})
Received text: '💸 تسديد دين لزبون' (chat_id: 1538485619) (states: {})
Received text: '60000' (chat_id: 1538485619) (states: {1538485619: {'action': 'waiting_payment_amount', 'customer_id': 'fa520431e97e4a959bbc794f217c4b46', 'customer_name': 'حسين الموسوي'}})
Received text: '📋 جرد المخزن كامل' (chat_id: 1538485619) (states: {})
Received text: '💸 تسديد دين لزبون' (chat_id: 1538485619) (states: {})
Received text: '5000' (chat_id: 1538485619) (states: {1538485619: {'action': 'waiting_payment_amount', 'customer_id': '2023a22bfc6e4deda6f91878a726a6ed', 'customer_name': 'علي المحمداوي'}})
Received text: '💸 تسديد دين لزبون' (chat_id: 1538485619) (states: {})
Received text: '🔧 الصيانة الجاهزة' (chat_id: 1538485619) (states: {1538485619: {'action': 'waiting_payment_amount', 'customer_id': 'fa520431e97e4a959bbc794f217c4b46', 'customer_name': 'حسين الموسوي'}})
Received text: 'إلغاء' (chat_id: 1538485619) (states: {1538485619: {'action': 'waiting_payment_amount', 'customer_id': 'fa520431e97e4a959bbc794f217c4b46', 'customer_name': 'حسين الموسوي'}})
Received text: '400000' (chat_id: 1538485619) (states: {1538485619: {'action': 'waiting_payment_amount', 'customer_id': 'fa520431e97e4a959bbc794f217c4b46', 'customer_name': 'حسين الموسوي'}})
Received text: '30000' (chat_id: 1538485619) (states: {1538485619: {'action': 'waiting_payment_amount', 'customer_id': '2023a22bfc6e4deda6f91878a726a6ed', 'customer_name': 'علي المحمداوي'}})
Received text: '💸 تسديد دين لزبون' (chat_id: 1538485619) (states: {})
Received text: '💸 تسديد دين لزبون' (chat_id: 1538485619) (states: {})
Received text: '📊 التقرير اليومي' (chat_id: 1538485619) (states: {})
Received text: '📊 التقرير اليومي' (chat_id: 1538485619) (states: {})
Received text: '📊 التقرير اليومي' (chat_id: 1538485619) (states: {})
Received text: '📊 التقرير اليومي' (chat_id: 1538485619) (states: {})
Received text: '📋 جرد المخزن كامل' (chat_id: 1538485619) (states: {})
Received text: '📋 جرد المخزن كامل' (chat_id: 1538485619) (states: {})
Received text: '📋 جرد المخزن كامل' (chat_id: 1538485619) (states: {})
Received text: '📋 جرد المخزن كامل' (chat_id: 1538485619) (states: {})
Received text: '/start' (chat_id: 1538485619) (states: {})
Received text: '📊 التقرير الأسبوعي' (chat_id: 1538485619) (states: {})
Received text: '📋 جرد المخزن كامل' (chat_id: 1538485619) (states: {})
Received text: '📋 جرد المخزن كامل' (chat_id: 1538485619) (states: {})
Received text: '📊 التقرير الشهري' (chat_id: 1538485619) (states: {})
Received text: '⚠️ النواقص' (chat_id: 1538485619) (states: {})
Received text: '🔧 الصيانة الجاهزة' (chat_id: 1538485619) (states: {})
Received text: 'https://mmobile.loca.lt' (chat_id: 1538485619) (states: {})
Received text: '/start' (chat_id: 1538485619) (states: {})
Received text: 't.me/your_bot_username/system' (chat_id: 1538485619) (states: {})
Received text: '📋 جرد المخزن كامل' (chat_id: 1538485619) (states: {})
Received text: '📋 جرد المخزن كامل' (chat_id: 1538485619) (states: {})
Received text: '📋 جرد المخزن كامل' (chat_id: 1538485619) (states: {})
Received text: '📊 التقرير الشهري' (chat_id: 1538485619) (states: {})
Received text: '📋 جرد المخزن كامل' (chat_id: 1538485619) (states: {})
Received text: '📦 نسخ احتياطي' (chat_id: 1538485619) (states: {})
Received text: '💸 تسديد دين لزبون' (chat_id: 1538485619) (states: {})
Received text: '📊 التقرير الشهري' (chat_id: 1538485619) (states: {})
Received text: '📋 جرد المخزن كامل' (chat_id: 1538485619) (states: {})
Received text: '📊 التقرير الأسبوعي' (chat_id: 1538485619) (states: {})
Received text: '💸 تسديد دين لزبون' (chat_id: 1538485619) (states: {})
Received text: '📋 جرد المخزن كامل' (chat_id: 1538485619) (states: {})
Received text: '📦 نسخ احتياطي' (chat_id: 1538485619) (states: {})
Received text: '📊 التقرير اليومي' (chat_id: 1538485619) (states: {})
Received text: '🔧 الصيانة الجاهزة' (chat_id: 1538485619) (states: {})
Received text: '📦 نسخ احتياطي' (chat_id: 1538485619) (states: {})
Received text: '📋 جرد المخزن كامل' (chat_id: 1538485619) (states: {})
Received text: '📊 التقرير اليومي' (chat_id: 1538485619) (states: {})
Received text: 'ℹ️ تعليمات البوت' (chat_id: 1538485619) (states: {})
Received text: '/start' (chat_id: 1538485619) (states: {})
Received text: '/start' (chat_id: 1538485619) (states: {})
Received text: '📄 كشف حساب لزبون' (chat_id: 1538485619) (states: {})
Received text: '📄 كشف حساب لزبون' (chat_id: 1538485619) (states: {})
Received text: '💸 تسديد دين لزبون' (chat_id: 1538485619) (states: {})
Received text: '📊 التقرير الشهري' (chat_id: 1538485619) (states: {})
Received text: '📊 التقرير اليومي' (chat_id: 1538485619) (states: {})
Received text: '💸 تسديد دين لزبون' (chat_id: 1538485619) (states: {})
Received text: '📄 كشف حساب لزبون' (chat_id: 1538485619) (states: {})
Received text: '💸 تسديد دين لزبون' (chat_id: 1538485619) (states: {})
Received text: '🔧 الصيانة الجاهزة' (chat_id: 1538485619) (states: {})
Received text: '📊 التقرير الأسبوعي' (chat_id: 1538485619) (states: {})
Received text: '📊 التقرير اليومي' (chat_id: 1538485619) (states: {})
Received text: '📋 جرد المخزن كامل' (chat_id: 1538485619) (states: {})
Received text: '📊 التقرير الشهري' (chat_id: 1538485619) (states: {})
Received text: '⚠️ النواقص' (chat_id: 1538485619) (states: {})
Received text: '📄 كشف حساب لزبون' (chat_id: 1538485619) (states: {})
Received text: '📄 كشف حساب لزبون' (chat_id: 1538485619) (states: {})
Received text: '🔧 الصيانة الجاهزة' (chat_id: 1538485619) (states: {})
Received text: '⚠️ النواقص' (chat_id: 1538485619) (states: {})
Received text: '📋 جرد المخزن كامل' (chat_id: 1538485619) (states: {})
Received text: '📊 التقرير اليومي' (chat_id: 1538485619) (states: {})
Received text: '📊 التقرير الشهري' (chat_id: 1538485619) (states: {})
Received text: '💸 تسديد دين لزبون' (chat_id: 1538485619) (states: {})
Received text: '7000' (chat_id: 1538485619) (states: {1538485619: {'action': 'waiting_payment_amount', 'customer_id': 'ba1b7d7858f84fcf9d64fa9c2396e84d', 'customer_name': 'مصطفى محمد'}})
Received text: '📋 جرد المخزن كامل' (chat_id: 1538485619) (states: {})
Received text: '💸 تسديد دين لزبون' (chat_id: 1538485619) (states: {})
Received text: '5' (chat_id: 1538485619) (states: {})
Received text: '/start' (chat_id: 1538485619) (states: {})
Received text: '📊 التقرير اليومي' (chat_id: 1538485619) (states: {})
Received text: '🔧 الصيانة الجاهزة' (chat_id: 1538485619) (states: {})
Received text: '💸 تسديد دين لزبون' (chat_id: 1538485619) (states: {})
Received text: '6' (chat_id: 1538485619) (states: {})
Received text: '📊 التقرير اليومي' (chat_id: 1538485619) (states: {})
Received text: '💸 تسديد دين لزبون' (chat_id: 1538485619) (states: {})
Received text: '📊 التقرير الشهري' (chat_id: 1538485619) (states: {})
Received text: '📊 التقرير اليومي' (chat_id: 1538485619) (states: {})
Received text: '💸 تسديد دين لزبون' (chat_id: 1538485619) (states: {})
Received text: '📊 التقرير الأسبوعي' (chat_id: 1538485619) (states: {})
Received text: '💸 تسديد دين لزبون' (chat_id: 1538485619) (states: {})
Received text: '8' (chat_id: 1538485619) (states: {1538485619: {'action': 'waiting_payment_amount', 'customer_id': 'ba1b7d7858f84fcf9d64fa9c2396e84d', 'customer_name': 'مصطفى محمد'}})
Received text: '💸 تسديد دين لزبون' (chat_id: 1538485619) (states: {})
Received text: '1' (chat_id: 1538485619) (states: {1538485619: {'action': 'waiting_payment_amount', 'customer_id': 'ba1b7d7858f84fcf9d64fa9c2396e84d', 'customer_name': 'مصطفى محمد'}})
Received text: '💸 تسديد دين لزبون' (chat_id: 1538485619) (states: {})
Received text: '6' (chat_id: 1538485619) (states: {})
Received text: '/start' (chat_id: 1538485619) (states: {1538485619: {'action': 'waiting_payment_amount', 'customer_id': 'ba1b7d7858f84fcf9d64fa9c2396e84d', 'customer_name': 'مصطفى محمد'}})
Received text: '💸 تسديد دين لزبون' (chat_id: 1538485619) (states: {1538485619: {'action': 'waiting_payment_amount', 'customer_id': 'ba1b7d7858f84fcf9d64fa9c2396e84d', 'customer_name': 'مصطفى محمد'}})
Received text: '/start' (chat_id: 1538485619) (states: {1538485619: {'action': 'waiting_payment_amount', 'customer_id': 'ba1b7d7858f84fcf9d64fa9c2396e84d', 'customer_name': 'مصطفى محمد'}})
Received text: '0' (chat_id: 1538485619) (states: {1538485619: {'action': 'waiting_payment_amount', 'customer_id': 'ba1b7d7858f84fcf9d64fa9c2396e84d', 'customer_name': 'مصطفى محمد'}})
Received text: '4' (chat_id: 1538485619) (states: {1538485619: {'action': 'waiting_payment_amount', 'customer_id': 'ba1b7d7858f84fcf9d64fa9c2396e84d', 'customer_name': 'مصطفى محمد'}})
Received text: '📄 كشف حساب لزبون' (chat_id: 1538485619) (states: {})
Received text: '💸 تسديد دين لزبون' (chat_id: 1538485619) (states: {})
Received text: '7' (chat_id: 1538485619) (states: {})
Received text: '💸 تسديد دين لزبون' (chat_id: 1538485619) (states: {})
Received text: '70000' (chat_id: 1538485619) (states: {1538485619: {'action': 'waiting_payment_amount', 'customer_id': 'ba1b7d7858f84fcf9d64fa9c2396e84d', 'customer_name': 'مصطفى محمد'}})
Received text: '📦 نسخ احتياطي' (chat_id: 1538485619) (states: {})
Received text: '💸 تسديد دين لزبون' (chat_id: 1538485619) (states: {})
Received text: 'ص' (chat_id: 1538485619) (states: {})
Received text: '/start' (chat_id: 1538485619) (states: {})
Received text: '💸 تسديد دين لزبون' (chat_id: 1538485619) (states: {})
Received text: '📄 كشف حساب لزبون' (chat_id: 1538485619) (states: {1538485619: {'action': 'waiting_payment_amount', 'customer_id': 'ba1b7d7858f84fcf9d64fa9c2396e84d', 'customer_name': 'مصطفى محمد'}})
Received text: '900000' (chat_id: 1538485619) (states: {1538485619: {'action': 'waiting_payment_amount', 'customer_id': 'ba1b7d7858f84fcf9d64fa9c2396e84d', 'customer_name': 'مصطفى محمد'}})
Received text: '💸 تسديد دين لزبون' (chat_id: 1538485619) (states: {})
