WhatsApp gateway on port 8001
Authenticated - session stored.
WhatsApp READY! Session saved permanently.
⚠️  Session broken - auto-reconnect in 3s...
Authenticated - session stored.
WhatsApp READY! Session saved permanently.
WhatsApp gateway on port 8001
Authenticated - session stored.
WhatsApp READY! Session saved permanently.
✅ Sent to 9647745310003
✅ Sent to 9647745310003
✅ Sent to 9647745310003
✅ Sent to 9647745310003
⚠️  Session broken - auto-reconnect in 3s...
WhatsApp gateway on port 8001
QR code ready - scan with WhatsApp
WhatsApp gateway on port 8001
QR code ready - scan with WhatsApp
WhatsApp gateway on port 8001
QR code ready - scan with WhatsApp
QR code ready - scan with WhatsApp
Authenticated - session stored.
Authenticated - session stored.
Authenticated - session stored.
WhatsApp READY! Session saved permanently.
✅ Sent to 9647745310003
Authenticated - session stored.
WhatsApp READY! Session saved permanently.
⚠️  Session broken - auto-reconnect in 3s...
WhatsApp gateway on port 8001
QR code ready - scan with WhatsApp
QR code ready - scan with WhatsApp
Authenticated - session stored.
Authenticated - session stored.
Authenticated - session stored.
WhatsApp READY! Session saved permanently.
✅ Sent to 9647745310003
✅ Sent to 9647745310003
✅ Sent to 9647745310003
Authenticated - session stored.
WhatsApp READY! Session saved permanently.
✅ Sent to 9647745310003
✅ Sent to 9647745310003
⚠️  Session broken - auto-reconnect in 3s...
WhatsApp gateway on port 8001
Authenticated - session stored.
WhatsApp READY! Session saved permanently.
✅ Sent to 9647745310003
✅ Sent to 9647745310003
✅ Sent to 9647745310003
✅ Sent to 9647745310003
✅ Sent to 9647745310003
✅ Sent to 9647745310003
⚠️  Session broken - auto-reconnect in 3s...
WhatsApp gateway on port 8001
Authenticated - session stored.
WhatsApp READY! Session saved permanently.
✅ Sent to 9647745310003
✅ Sent to 9647736450611
✅ Sent to 9647745310003
✅ Sent to 9647706004223
✅ Sent to 9647745310003
✅ Sent to 9647706004223
✅ Sent to 9647745310003
✅ Sent to 9647706004223
✅ Sent to 9647745310003
✅ Sent to 9647745310003
✅ Sent to 9647745310003
✅ Sent to 9647745310003
✅ Sent to 9647745310003
✅ Sent to 9647745310003
✅ Sent to 9647745310003
✅ Sent to 9647745310003
✅ Sent to 9647745310003
✅ Sent to 9647745310003
✅ Sent to 9647745310003
⚠️  Session broken - auto-reconnect in 3s...
WhatsApp gateway on port 8001
QR code ready - scan with WhatsApp
WhatsApp gateway on port 8001
QR code ready - scan with WhatsApp
WhatsApp gateway on port 8001
QR code ready - scan with WhatsApp
QR code ready - scan with WhatsApp
QR code ready - scan with WhatsApp
QR code ready - scan with WhatsApp
QR code ready - scan with WhatsApp
QR code ready - scan with WhatsApp
QR code ready - scan with WhatsApp
Authenticated - session stored.
Authenticated - session stored.
Authenticated - session stored.
WhatsApp READY! Session saved permanently.
Authenticated - session stored.
WhatsApp READY! Session saved permanently.
⚠️  Session broken - auto-reconnect in 3s...
WhatsApp gateway on port 8001
QR code ready - scan with WhatsApp
QR code ready - scan with WhatsApp
QR code ready - scan with WhatsApp
Authenticated - session stored.
Authenticated - session stored.
Authenticated - session stored.
WhatsApp READY! Session saved permanently.
✅ Sent to 9647745310003
Authenticated - session stored.
WhatsApp READY! Session saved permanently.
⚠️  Session broken - auto-reconnect in 3s...
WhatsApp gateway on port 8001
WhatsApp gateway on port 8001
WhatsApp gateway on port 8001
QR code ready - scan with WhatsApp
QR code ready - scan with WhatsApp
QR code ready - scan with WhatsApp
QR code ready - scan with WhatsApp
QR code ready - scan with WhatsApp
QR code ready - scan with WhatsApp
WhatsApp gateway on port 8001
🧹 Deleted lock file at: /Users/mustafa/Desktop/test/backend/app/whatsapp_service/wa_session/session/SingletonLock
QR code ready - scan with WhatsApp
QR code ready - scan with WhatsApp
QR code ready - scan with WhatsApp
QR code ready - scan with WhatsApp
Authenticated - session stored.
Authenticated - session stored.
Authenticated - session stored.
WhatsApp READY! Session saved permanently.
Authenticated - session stored.
WhatsApp READY! Session saved permanently.
WhatsApp gateway on port 8001
🧹 Deleted lock file at: /Users/mustafa/Desktop/test/backend/app/whatsapp_service/wa_session/session/SingletonLock
Authenticated - session stored.
WhatsApp READY! Session saved permanently.
⚠️  Session broken - auto-reconnect in 3s...
🧹 Deleted lock file at: /Users/mustafa/Desktop/test/backend/app/whatsapp_service/wa_session/session/SingletonLock
WhatsApp gateway on port 8001
🧹 Deleted lock file at: /Users/mustafa/Desktop/test/backend/app/whatsapp_service/wa_session/session/SingletonLock
Authenticated - session stored.
WhatsApp READY! Session saved permanently.
⚠️  Session broken - auto-reconnect in 3s...
🧹 Deleted lock file at: /Users/mustafa/Desktop/test/backend/app/whatsapp_service/wa_session/session/SingletonLock
WhatsApp gateway on port 8001
🧹 Deleted lock file at: /Users/mustafa/Desktop/test/backend/app/whatsapp_service/wa_session/session/SingletonLock
Authenticated - session stored.
WhatsApp READY! Session saved permanently.
✅ Sent to 9647745310003
✅ Sent to 9647745310003
WhatsApp gateway on port 8001
🧹 Deleted lock file at: /Users/mustafa/Desktop/test/backend/app/whatsapp_service/wa_session/session/SingletonLock
Authenticated - session stored.
WhatsApp READY! Session saved permanently.
✅ Sent to 9647745310003
⚠️  Session broken - auto-reconnect in 3s...
🧹 Deleted lock file at: /Users/mustafa/Desktop/test/backend/app/whatsapp_service/wa_session/session/SingletonLock
🧹 Deleted lock file at: /Users/mustafa/Desktop/test/backend/app/whatsapp_service/wa_session/session/SingletonLock
Authenticated - session stored.
WhatsApp READY! Session saved permanently.
WhatsApp gateway on port 8001
🧹 Deleted lock file at: /Users/mustafa/Desktop/test/backend/app/whatsapp_service/wa_session/session/SingletonLock
Authenticated - session stored.
WhatsApp READY! Session saved permanently.
✅ Sent to 9647745310003
WhatsApp gateway on port 8001
🧹 Deleted lock file at: /Users/mustafa/Desktop/test/backend/app/whatsapp_service/wa_session/session/SingletonLock
Authenticated - session stored.
WhatsApp READY! Session saved permanently.
🔄 Detached Frame / Protocol error detected during send. Restarting server to clean session...
WhatsApp gateway on port 8001
🧹 Deleted lock file at: /Users/mustafa/Desktop/test/backend/app/whatsapp_service/wa_session/session/SingletonLock
WhatsApp gateway on port 8001
🧹 Deleted lock file at: /Users/mustafa/Desktop/test/backend/app/whatsapp_service/wa_session/session/SingletonLock
WhatsApp gateway on port 8001
🧹 Deleted lock file at: /Users/mustafa/Desktop/test/backend/app/whatsapp_service/wa_session/session/SingletonLock
Authenticated - session stored.
WhatsApp READY! Session saved permanently.
WhatsApp gateway on port 8001
🧹 Deleted lock file at: /Users/mustafa/Desktop/test/backend/app/whatsapp_service/wa_session/session/SingletonLock
WhatsApp gateway on port 8001
🧹 Deleted lock file at: /Users/mustafa/Desktop/test/backend/app/whatsapp_service/wa_session/session/SingletonLock
Authenticated - session stored.
WhatsApp READY! Session saved permanently.
🔄 Detached Frame / Protocol error detected during send. Restarting server to clean session...
WhatsApp gateway on port 8001
🧹 Deleted lock file at: /Users/mustafa/Desktop/test/backend/app/whatsapp_service/wa_session/session/SingletonLock
Authenticated - session stored.
WhatsApp READY! Session saved permanently.
✅ Sent to 9647745310003
✅ Sent to 9647745310003
✅ Sent to 9647745310003
✅ Sent to 9647806427104
✅ Sent to 9647745310003
✅ Sent to 9647745310003
✅ Sent to 9647806427104
✅ Sent to 9647745310003
✅ Sent to 9647745310003
🔄 Detached Frame / Protocol error detected during send. Restarting server to clean session...
WhatsApp gateway on port 8001
🧹 Deleted lock file at: /Users/mustafa/Desktop/test/backend/app/whatsapp_service/wa_session/session/SingletonLock
WhatsApp gateway on port 8001
🧹 Deleted lock file at: /Users/mustafa/Desktop/test/backend/app/whatsapp_service/wa_session/session/SingletonLock
🧹 Deleted lock file at: /Users/mustafa/Desktop/test/backend/app/whatsapp_service/wa_session/session/SingletonLock
🧹 Deleted lock file at: /Users/mustafa/Desktop/test/backend/app/whatsapp_service/wa_session/session/SingletonLock
🧹 Deleted lock file at: /Users/mustafa/Desktop/test/backend/app/whatsapp_service/wa_session/session/SingletonLock
🧹 Deleted lock file at: /Users/mustafa/Desktop/test/backend/app/whatsapp_service/wa_session/session/SingletonLock
🧹 Deleted lock file at: /Users/mustafa/Desktop/test/backend/app/whatsapp_service/wa_session/session/SingletonLock
🧹 Deleted lock file at: /Users/mustafa/Desktop/test/backend/app/whatsapp_service/wa_session/session/SingletonLock
🧹 Deleted lock file at: /Users/mustafa/Desktop/test/backend/app/whatsapp_service/wa_session/session/SingletonLock
Disconnected: LOGOUT - clearing session and restarting client
🧹 Cleaned disconnected session directory.
QR code ready - scan with WhatsApp
QR code ready - scan with WhatsApp
QR code ready - scan with WhatsApp
